// Jest Snapshot v1, https://goo.gl/fbAQLP

exports[`<Header /> should render and match the snapshot 1`] = `
<div
  class="sc-gtsrHT LNvXb"
>
  <header
    class="MuiPaper-root MuiAppBar-root MuiAppBar-positionFixed MuiAppBar-colorPrimary mui-fixed MuiPaper-elevation4"
  >
    <div
      class="MuiToolbar-root MuiToolbar-regular sc-bdnxRM cHSwRG MuiToolbar-gutters"
    >
      <h6
        class="MuiTypography-root MuiTypography-h6 MuiTypography-colorInherit"
        style="flex: 1;"
      >
        Bank of Mars
      </h6>
      <div>
        <button
          class="MuiButtonBase-root MuiButton-root MuiButton-contained sc-dlnjwi kckUMR"
          name="logout"
          tabindex="0"
          type="button"
        >
          <span
            class="MuiButton-label"
          >
            Logout
          </span>
          <span
            class="MuiTouchRipple-root"
          />
        </button>
      </div>
    </div>
  </header>
</div>
`;
